zrwi
zrwilgg
zrx
zrz
zsa
zsag
zsaksak
zsalman
zsav
zsazsa
zsban
zsbboring
zsc
zsccsi
zschage
zschau
zschiegner
zschokke
zse
zseircfk
zsend
zsey
zsf
zsfjbm
zsg
zsgm
zsh
zshell
zshift
zshouben
zsidisin
zsim
zsinorgyar
zsize
zsj
zsjabbott
zsk
zskip
zsku
zsl
zslb
zslim
zsm
zsmon
zso
zsoft
zsolt
zsoter
zsozsanna
zsplin
zsplit
zsprg
zsql
zsqx
zsr
zst
zstack
zstation
zstem
zster
zstern
zstewart
zstr
zstring
zstruct
zstyle
zsu
zsuzsa
zsuzsanna
zsv
zsvdc
zsw
zswamp
zsxc
zsxd
zsyjcp
zsys
zsysdep
zsystem
zt
ztac
ztak
ztalb
ztap
ztarehpl
ztas
ztasnell
ztasre
ztc
ztcgd
ztd
zte
ztec
ztech
zteid
ztel
ztemp
zterm
ztf
ztgnbuiq
zth
zthree
ztibik
ztickname
zticks
ztickv
ztiff
ztih
ztihcspi
ztilb
ztilhcs
ztilreb
ztime
ztimes
ztips
ztir
ztirf
ztitle
ztivax
ztiwhcsu
ztiwokre
ztiworoh
ztiwruh
ztk
ztl
ztlaw
ztlohmle
ztlr
ztluhcs
ztlw
ztly
ztm
ztma
ztn
ztnahcs
zto
ztp
ztps
ztpz
ztq
ztrauq
ztrawhcs
ztreh
ztrehage
ztrehagi
ztrqa
zts
ztsindi
ztt
ztul
ztw
ztwdg
ztxs
ztype
ztz
zuar
zub
zubaida
zubaidah
zubair
zubal
zubans
zubayr
zubekommen
zuben
zuber
zuberek
zuberi
zubi
zubieta
zubin
zubiria
zubizarreta
zubkoff
zublin
zubov
zubrickas
zubricki
zubrin
zubros
zubrow
zuc
zucc
zucca
zuccala
zuccarelli
zuccarini
zuccaro
zucchelli
zucchero
zucchi
zucchine
zuccini
zuccoin
zuccoli
zucconi
zuccotti
zuch
zuchelli
zuchini
zucker
zuckeran
zuckerberg
zuckerman
zuckert
zuckmayer
zuckoff
zucks
zud
zudav
zudell
zudem
zudruecken
zue
zuechtungsforschung
zueck
zuege
zuegg
zuegig
zuehlke
zueinander
zuelle
zuellig
zuena
zuendel
zuendorf
zuendung
zuenoula
zuercher
zuercherstrasse
zuerich
zuerkannt
zuern
zuerst
zuess
zuf
zufaellig
zufaellige
zufahrtswege
zufall
zuffante
zuffo
zuffs
zufolge
zufrieden
zufriedener
zufriedengeben
zufriedenheit
zug
zugabteil
zugaenglich
zugang
zugarramurdi
zugates
zugc
zuge
zugeben
zugebilligten
zugefaxt
zugegeben
zugegebenermassen
zugehoerigen
zugehoerigkeit
zugeklebten
zugelassen
zugemacht
zuger
zugesandt
zugeschanzt
zugespitzt
zugestanden
zugetan
zugetragen
zugleich
zugloi
zugock
zugog
zugokkus
zugoku
zugriff
zugschwert
zugspitz
zugunsten
zuh
zuhair
zuhauf
zuhause
zuhayr
zuhdan
zuhn
zuhoerenden
zuhtu
zuhura
zui
zuick
zuid
zuidam
zuideinde
zuidelijke
zuidema
zuiderdiep
zuiderstraat
zuiderveld
zuigend
zuiko
zuircq
zuirct
zuirq
zujkowski
zuk
zukas
zuken
zukerman
zukertort
zukin
zuko
zukommen
zukommt
zukosky
zukov
zukovsky
zukowski
zukss
zukt
zukuenftig
zukuenftige
zukuenftigen
zukunft
zukunftsaengste
zukunftsangst
zukunftsforscher
zukunftsorientierten
zul
zulaesst
zulaica
zulaikha
zulassen
zulasten
zulauf
zulaufc
zulema
zuleta
zuletzt
zulfi
zulfikar
zulfiqar
zulfiquar
zulia
zulian
zuliessen
zulima
zulita
zulith
zulkeflee
zulkefli
zulkifl
zulkifli
zulle
zullen
zulli
zult
zultner
zum
zuma
zumabot
zumailen
zumal
zumanet
zumaque
zumatama
zumbach
zumbachl
zumbado
zumbaugh
zumhagen
zumindest
zumindesten
zumindestens
zumino
zumkhawala
zummallen
zummzian
zumo
zumpano
zumpf
zumrah
zumro
zumsteg
zumthor
zumtobel
zun
zunaechst
zunaid
zundel
zunehmend
zunehmende
zunehmendem
zunft
zung
zungen
zunghr
zungoli
zuniga
zunino
zuniq
zuno
zunuzi
zunxk
zuo
zuofeng
zuoken
zup
zupan
zupanic
zupath
zupcic
zupe
zupeck
zuph
zupon
zuq
zur
zurada
zuraida
zuraidah
zurainah
zuraini
zurak
zurakowski
zuras
zurawlev
zurawski
zurc
zurcher
zurd
zurdo
zurecht
zurechtgerueckt
zureick
zureik
zurek
zurel
zurer
zurflu
zurfluh
zurg
zuriel
zurinabi
zurinah
zurishaddai
zurita
zurl
zurlvm
zurm
zurmuhlen
zurn
zuroski
zurq
zurruf
zursch
zurschmeide
zurueck
zurueckdrehen
zurueckgebildete
zurueckgegangen
zurueckgegeben
zurueckgehen
zurueckgestellt
zurueckgetragen
zurueckgetreten
zurueckgetretten
zurueckgezogen
zurueckkehren
zurueckkommen
zurueckkommt
zuruecktreten
zurueckweichen
zurueckziehen
zurueckzugreifen
zurueckzuziehen
zurx
zus
zusaetzlich
zusaetzliche
zusagen
zusammen
zusammenar
zusammenarbeit
zusammenb
zusammenbrechen
zusammenbruch
zusammengearbeitet
zusammengebrochen
zusammengehoert
zusammengetragen
zusammenhaengt
zusammenhang
zusammenkommen
zusammenkommt
zusammenruecken
zusammenspiel
zusammenwachsen
zusammenwaechst
zusammenzutragen
zusatz
zusc
zuschauern
zuschaut
zuschlag
zuschneid
zuschrieb
zuschuesse
zuschulden
zuse
zusi
zusicherung
zusm
zusman
zusrobotics
zussamen
zussman
zussy
zustaende
zustaendig
zustaendige
zustaendigen
zustaendigkeitsregelungen
zustand
zustande
zustandes
zusteht
zustimmen
zustimmung
zut
zutil
zutrauen
zutreffen
zutsr
zutto
zuu
zuuk
zuul
zuurstoffabriek
zuuv
zuvich
zuviel
zuvor
zuw
zuwanderung
zuwarah
zuwenig
zuy
zuye
zuyev
zuyjajh
zuylen
zuz
zuzan
zuzana
zuzims
zuzueglich
zuzugehen
zuzuhoeren
zv
zvahgrf
zvak
zval
zvals
zvalue
zvb
zvc
zvct
zvd
zvekic
zverdara
zverev
zvereva
zvf
zvg
zvi
zvika
zviki
zvjf
zvk
zvkix
zvlt
zvlz
zvm
zvmem
zvmn
zvn
zvnet
zvnw
zvnx
zvo
zvolanek
zvolen
zvonar
zvonkin
zvonko
zvornik
zvoy
zvp
zvpdqw
zvpgc
zvq
zvr
zvrf
zvs
zvwre
zvwrevf
zvy
zvyvgvn
zvz
zw
zwaan
zwaaney
zwaans
zwaar
zwaard
zwaarder
zwackery
zwaferink
zwagonian
zwahlen
zwak
zwakenberg
zwan
zwane
zwanenburg
zwang
zwange
zwangs
zwangsberatung
zwangserhebung
zwangsmassnahmen
zwangsverbund
zwangswohnen
zwank
zwanna
zwanzig
zwar
zwaren
zwarenstein
zwarick
zwart
zwartendyk
zwartenkot
zwarteweg
zwaska
zwb
zwbb
zwd
zwdos
zwe
zwebner
zweck
zwecke
zwecker
zweckmaessige
zweckmaessigkeit
zwecks
zweden
zweeds
zweedse
zweep
zweers
zwei
zweibach
zweibel
zweibkn
zweiblum
zweibruchen
zweibrucke
zweibrucken
zweie
zweier
zweierlei
zweifel
zweifelhaft
zweifellos
zweifelsohne
zweig
zweigart
zweigenbaum
zweigles
zweihundert
zweiklassengesellschaft
zweimal
zwein
zweipot
zweispurige
zweistein
zweit
zweite
zweiten
zweitens
zweiter
zweites
zweitgroesste
zweizig
zweldron
zwerg
zwerin
zwerner
zwetana
zwetkof
zwetsloot
zweygart
zwfgblg
zwg
zwh
zwho
zwi
zwick
zwickau
zwicker
zwickl
zwicky
zwie
zwiebel
zwiener
zwiep
zwierzak
zwierzchowski
zwijnaarde
zwijnaardsesteenwea
zwikker
zwilling
zwilniks
zwin
zwingen
zwingenden
zwinger
zwinglistr
zwirn
zwirner
zwirnm
zwischen
zwischenbilanz
zwischenfaelle
zwischenspeicher
zwischenstaatliche
zwischezeit
zwittau
zwj
zwm
zwnbl
zwnq
zwnu
zwoelf
zwol
zwolle
zword
zworfin
zwork
zworski
zwp
zwrdm
zwrite
zws
zwsug
zwt
zwu
zwv
zwvlf
zww
zwx
zwyy
zwz
zx
zxa
zxc
zxcvbn
zxd
zxdrawarc
zxdrawline
zxe
zxes
zxex
zxf
zxfillarc
zxfillrectangle
zxfix
zxfri
zxg
zxh
zxhr
zxhvmii
zxiong
zxiq
zxj
zxjbt
zxkc
zxkk
zxkm
zxl
zxleu
zxm
zxmam
zxmcb
zxmeu
zxmfo
zxmgn
zxmgv
zxmht
zxmjv
zxmkr
zxmmm
zxmna
zxmng
zxmp
zxmpe
zxmrs
zxmsj
zxmsl
zxmvo
zxmxa
zxn
zxninja
zxnw
zxo
zxoe
zxov
zxp
zxqh
zxqygbblkddfg
zxr
zxs
zxsv
zxt
zxtg
zxu
zxuai
zxunec
zxv
zxwh
zxx
zxxx
zxy
zxyv
zxz
zy
zya
zyagur
zyai
zyam
zyan
zyats
zyb
zybach
zybala
zybex
zybko
zyc
zycad
zycel
zych
zycor
zyda
zyde
zydj
zydney
zyel
zyg
zygielbaum
zygmund
zygmunt
zygo
zygot
zyh
zyig
zyindex
zyje
zyk
zyklon
zykov
zyl
zyla
zylantha
zylex
zylinder
zylka
zyllion
zylon
zyloxin
zylstra
zym
zymac
zymaris
zymkiewicz
zymol
zymolyase
zymos
zymowski
zynisch
zynisismus
zynx
zyonics
zyp
zypj
zyplex
zyr
zyrada
zyromski
zyskin
zyt
zytec
zytecvie
zyung
zyvb
zyvc
zyvg
zyvl
zyvoice
zyw
zywiciel
zywiel
zywnosciowa
zyx
zyxel
zyxele
zyxelfaq
zyxelinf
zyxell
zyxells
zyxelnet
zyxels
zyxelu
zyxtext
zyxus
zyxz
zyyo
zyyyy
zyz
zyzio
zyzo
zz
zza
zzaaskk
zzabur
zzaj
zzam
zzap
zzassgl
zzassps
zzawippw
zzazz
zzc
zzchri
zze
zzekka
zzeo
zzf
zzft
zzg
zzgl
zzh
zzi
zziegler
zzl
zzlab
zzm
zzmmthisj
zzn
zzncxw
zznew
zzo
zzp
zzr
zzsb
zzsu
zzt
zztop
zzttdai
zzub
zzuf
zzuo
zzv
zzvolume
zzw
zzwoof
zzwz
zzx
zzyzx
zzyzzy
zzyzzyxx
zzz
zzziiiiiippp
zzzyxxx
zzzyzyton
zzzz
zzzzz
zzzzzrt
zzzzzzy
zzzzzzzthis
zzzzzzzz
zzzzzzzzzz
zzzzzzzzzzzzz
zzzzzzzzzzzzzzzzzz
